// Jest Snapshot v1, https://goo.gl/fbAQLP

exports[`ModelDirective produces the expected schema 1`] = `
"type Bar {
  names: [String]
  children: [Dummy]
  parent: Foo
}

input BarInputType {
  names: [String]
  children: [DummyInputType]
  parent: FooInputType
}

type Dummy {
  names: [String]
  parent: Bar
}

input DummyInputType {
  names: [String]
  parent: BarInputType
}

type Foo {
  name: String
  children: Foo
  parent: Bar

  \\"\\"\\"Unique ID\\"\\"\\"
  id: ID
}

input FooInputType {
  name: String
  children: FooInputType
  parent: BarInputType

  \\"\\"\\"Unique ID\\"\\"\\"
  id: ID
}

type Mutation {
  _: Boolean

  \\"\\"\\"Create a Foo\\"\\"\\"
  createFoo(data: FooInputType): Foo

  \\"\\"\\"Update a Foo\\"\\"\\"
  updateFoo(data: FooInputType, where: FooInputType, upsert: Boolean): Boolean

  \\"\\"\\"Remove a Foo\\"\\"\\"
  removeFoo(where: FooInputType): Boolean
}

type Query {
  _: Boolean

  \\"\\"\\"Find one Foo\\"\\"\\"
  foo(where: FooInputType): Foo

  \\"\\"\\"Find multiple Foos\\"\\"\\"
  foos(where: FooInputType): [Foo]
}
"
`;
