// Jest Snapshot v1, https://goo.gl/fbAQLP

exports[`ModelDirective produces the expected schema 1`] = `
"type Bar {
  name: String
  relation: Dummy
  child: Dummy
}

input BarInputType {
  name: String
  relation: DummyInputType
  child: DummyInputType
}

type Dummy {
  name: String
  relation: Bar
}

input DummyInputType {
  name: String
  relation: BarInputType
}

type Foo {
  name: String
  relation: Foo
  child: Bar

  \\"\\"\\"Unique ID\\"\\"\\"
  id: ID
}

input FooInputType {
  name: String
  relation: FooInputType
  child: BarInputType

  \\"\\"\\"Unique ID\\"\\"\\"
  id: ID
}

type Mutation {
  _: Boolean

  \\"\\"\\"Create a Foo\\"\\"\\"
  createFoo(data: FooInputType): Foo

  \\"\\"\\"Update a Foo\\"\\"\\"
  updateFoo(data: FooInputType, where: FooInputType, upsert: Boolean): Boolean

  \\"\\"\\"Remove a Foo\\"\\"\\"
  removeFoo(where: FooInputType): Boolean
}

type Query {
  _: Boolean

  \\"\\"\\"Find one Foo\\"\\"\\"
  foo(where: FooInputType): Foo

  \\"\\"\\"Find multiple Foos\\"\\"\\"
  foos(where: FooInputType): [Foo]
}
"
`;
